[32m[Nest] 42916  - [39m12/20/2025, 3:29:26 AM [32m    LOG[39m [38;5;3m[NestFactory] [39m[32mStarting Nest application...[39m
[32m[Nest] 42916  - [39m12/20/2025, 3:29:26 AM [32m    LOG[39m [38;5;3m[InstanceLoader] [39m[32mTypeOrmModule dependencies initialized[39m[38;5;3m +33ms[39m
[32m[Nest] 42916  - [39m12/20/2025, 3:29:26 AM [32m    LOG[39m [38;5;3m[InstanceLoader] [39m[32mPassportModule dependencies initialized[39m[38;5;3m +0ms[39m
[32m[Nest] 42916  - [39m12/20/2025, 3:29:26 AM [32m    LOG[39m [38;5;3m[InstanceLoader] [39m[32mQueueModule dependencies initialized[39m[38;5;3m +0ms[39m
[31m[Nest] 42916  - [39m12/20/2025, 3:29:26 AM [31m  ERROR[39m [38;5;3m[ExceptionHandler] [39mUnknownDependenciesException [Error]: Nest can't resolve dependencies of the AuthService (UserRepository, JwtService, SessionService, ?). Please make sure that the argument SqsService at index [3] is available in the AuthModule context.

Potential solutions:
- Is AuthModule a valid NestJS module?
- If SqsService is a provider, is it part of the current AuthModule?
- If SqsService is exported from a separate @Module, is that module imported within AuthModule?
  @Module({
    imports: [ /* the Module containing SqsService */ ]
  })

For more common dependency resolution issues, see: https://docs.nestjs.com/faq/common-errors
    at Injector.lookupComponentInParentModules (/Users/ahmed/work/nx-micros/node_modules/[4m@nestjs/core[24m/injector/injector.js:286:19)
    at async resolveParam (/Users/ahmed/work/nx-micros/node_modules/[4m@nestjs/core[24m/injector/injector.js:140:38)
    at async Promise.all (index 3)
    at async Injector.resolveConstructorParams (/Users/ahmed/work/nx-micros/node_modules/[4m@nestjs/core[24m/injector/injector.js:169:27)
    at async Injector.loadInstance (/Users/ahmed/work/nx-micros/node_modules/[4m@nestjs/core[24m/injector/injector.js:75:13)
    at async Injector.loadProvider (/Users/ahmed/work/nx-micros/node_modules/[4m@nestjs/core[24m/injector/injector.js:103:9)
    at async /Users/ahmed/work/nx-micros/node_modules/[4m@nestjs/core[24m/injector/instance-loader.js:56:13
    at async Promise.all (index 3)
    at async InstanceLoader.createInstancesOfProviders (/Users/ahmed/work/nx-micros/node_modules/[4m@nestjs/core[24m/injector/instance-loader.js:55:9)
    at async /Users/ahmed/work/nx-micros/node_modules/[4m@nestjs/core[24m/injector/instance-loader.js:40:13 {
  type: [32m'AuthService'[39m,
  context: {
    index: [33m3[39m,
    dependencies: [
      [32m'UserRepository'[39m,
      [36m[class JwtService][39m,
      [36m[class SessionService][39m,
      [36m[class SqsService][39m
    ],
    name: [36m[class SqsService][39m
  },
  metadata: {
    id: [32m'13c77efacd3fe882d15e0'[39m
  },
  moduleRef: {
    id: [32m'66bd0be297c41b7d213bd'[39m
  }
}
